<?xml version="1.0" encoding="utf-8"?><testsuites><testsuite name="pytest" errors="0" failures="0" skipped="0" tests="6" time="0.116" timestamp="2025-02-24T17:45:14.185113" hostname="helios"><testcase classname="tests.test_importreplace.ImportReplaceTest" name="test_handles_empty_fields" time="0.032" /><testcase classname="tests.test_importreplace.ImportReplaceTest" name="test_incorrect_field" time="0.001" /><testcase classname="tests.test_importreplace.ImportReplaceTest" name="test_no_fields" time="0.001" /><testcase classname="tests.test_importreplace.ImportReplaceTest" name="test_replaces_in_order" time="0.001" /><testcase classname="tests.test_importreplace.ImportReplaceTest" name="test_replaces_only_config_fields" time="0.001" /><testcase classname="tests.test_importreplace.ImportReplaceTest" name="test_replaces_only_config_fields_multiple" time="0.001" /></testsuite></testsuites>